<?xml version="1.0" encoding="utf-8"?><testsuites><testsuite name="pytest" errors="0" failures="0" skipped="0" tests="4" time="0.888" timestamp="2025-05-07T20:32:46.181657+00:00" hostname="46d0937a451f"><testcase classname="quantumgraphcoloring.tests.test_coloring" name="test_quantumgraphcoloring_imported" file="quantumgraphcoloring/tests/test_coloring.py" line="17" time="0.001" /><testcase classname="quantumgraphcoloring.tests.test_coloring" name="test_getEdges" file="quantumgraphcoloring/tests/test_coloring.py" line="21" time="0.000" /><testcase classname="quantumgraphcoloring.tests.test_coloring" name="test_getColoringMatrix" file="quantumgraphcoloring/tests/test_coloring.py" line="29" time="0.000" /><testcase classname="quantumgraphcoloring.tests.test_coloring" name="test_potentialColorings" file="quantumgraphcoloring/tests/test_coloring.py" line="35" time="0.025" /></testsuite></testsuites>